// Jest Snapshot v1, https://goo.gl/fbAQLP

exports[`AccountContainer component renders correctly 1`] = `
<div
  class="treeview w-100 border"
  id="treeview-account1"
>
  <div
    class="bg-primary text-white mb-3"
    id="header"
  >
    <div
      class="d-flex justify-content-between pt-3 ps-3 pe-3"
    >
      <h5
        class=" ps-3"
      >
        <strong>
          test1@example.com
        </strong>
      </h5>
      <div>
        <a
          class="small link-light link-underline link-underline-opacity-0 link-underline-opacity-75-hover"
          href="#"
        >
          All
        </a>
         / 
        <a
          class="small link-light link-underline link-underline-opacity-0 link-underline-opacity-75-hover"
          href="#"
        >
          None
        </a>
      </div>
    </div>
    <div
      class="d-flex pt-3 ps-3 pe-3"
    >
      <div
        class="dropdown d-flex align-items-center mt-2 ps-3"
      >
        <small>
          Sound:
        </small>
        <button
          aria-expanded="false"
          aria-haspopup="true"
          class="btn btn-sm btn-primary dropdown-toggle"
          data-bs-toggle="dropdown"
          id="dropdownMenuButton"
        >
          Pop
        </button>
        <div
          aria-labelledby="dropdownMenuButton"
          class="dropdown-menu"
        >
          <a
            class="dropdown-item "
            data-key="pop.mp3"
            href="#"
          >
            <span
              class="labelcontainer"
            >
              <span
                class="labeltext"
                data-key="pop.mp3"
              >
                Pop
              </span>
              <span
                class="labelicons"
              >
                <img
                  class="playicon"
                  data-key="pop.mp3"
                  src="./assets/images/icons/play-alt-svgrepo-com.svg"
                />
              </span>
            </span>
          </a>
          <a
            class="dropdown-item "
            data-key="pop-ding.mp3"
            href="#"
          >
            <span
              class="labelcontainer"
            >
              <span
                class="labeltext"
                data-key="pop-ding.mp3"
              >
                Pop Ding
              </span>
              <span
                class="labelicons"
              >
                <img
                  class="playicon"
                  data-key="pop-ding.mp3"
                  src="./assets/images/icons/play-alt-svgrepo-com.svg"
                />
              </span>
            </span>
          </a>
          <a
            class="dropdown-item "
            data-key="ding.mp3"
            href="#"
          >
            <span
              class="labelcontainer"
            >
              <span
                class="labeltext"
                data-key="ding.mp3"
              >
                Ding
              </span>
              <span
                class="labelicons"
              >
                <img
                  class="playicon"
                  data-key="ding.mp3"
                  src="./assets/images/icons/play-alt-svgrepo-com.svg"
                />
              </span>
            </span>
          </a>
          <a
            class="dropdown-item "
            data-key="multi-pop.mp3"
            href="#"
          >
            <span
              class="labelcontainer"
            >
              <span
                class="labeltext"
                data-key="multi-pop.mp3"
              >
                Multi Pop
              </span>
              <span
                class="labelicons"
              >
                <img
                  class="playicon"
                  data-key="multi-pop.mp3"
                  src="./assets/images/icons/play-alt-svgrepo-com.svg"
                />
              </span>
            </span>
          </a>
          <a
            class="dropdown-item "
            data-key="level-up.mp3"
            href="#"
          >
            <span
              class="labelcontainer"
            >
              <span
                class="labeltext"
                data-key="level-up.mp3"
              >
                Level Up
              </span>
              <span
                class="labelicons"
              >
                <img
                  class="playicon"
                  data-key="level-up.mp3"
                  src="./assets/images/icons/play-alt-svgrepo-com.svg"
                />
              </span>
            </span>
          </a>
          <a
            class="dropdown-item "
            data-key="bloop.mp3"
            href="#"
          >
            <span
              class="labelcontainer"
            >
              <span
                class="labeltext"
                data-key="bloop.mp3"
              >
                Bloop
              </span>
              <span
                class="labelicons"
              >
                <img
                  class="playicon"
                  data-key="bloop.mp3"
                  src="./assets/images/icons/play-alt-svgrepo-com.svg"
                />
              </span>
            </span>
          </a>
          <a
            class="dropdown-item "
            data-key="bells.mp3"
            href="#"
          >
            <span
              class="labelcontainer"
            >
              <span
                class="labeltext"
                data-key="bells.mp3"
              >
                Bells
              </span>
              <span
                class="labelicons"
              >
                <img
                  class="playicon"
                  data-key="bells.mp3"
                  src="./assets/images/icons/play-alt-svgrepo-com.svg"
                />
              </span>
            </span>
          </a>
          <a
            class="dropdown-item "
            data-key="choir.mp3"
            href="#"
          >
            <span
              class="labelcontainer"
            >
              <span
                class="labeltext"
                data-key="choir.mp3"
              >
                Choir
              </span>
              <span
                class="labelicons"
              >
                <img
                  class="playicon"
                  data-key="choir.mp3"
                  src="./assets/images/icons/play-alt-svgrepo-com.svg"
                />
              </span>
            </span>
          </a>
          <a
            class="dropdown-item "
            data-key="water-drop.mp3"
            href="#"
          >
            <span
              class="labelcontainer"
            >
              <span
                class="labeltext"
                data-key="water-drop.mp3"
              >
                Water Drop
              </span>
              <span
                class="labelicons"
              >
                <img
                  class="playicon"
                  data-key="water-drop.mp3"
                  src="./assets/images/icons/play-alt-svgrepo-com.svg"
                />
              </span>
            </span>
          </a>
          <a
            class="dropdown-item "
            data-key="digital-ring.mp3"
            href="#"
          >
            <span
              class="labelcontainer"
            >
              <span
                class="labeltext"
                data-key="digital-ring.mp3"
              >
                Digital Ring
              </span>
              <span
                class="labelicons"
              >
                <img
                  class="playicon"
                  data-key="digital-ring.mp3"
                  src="./assets/images/icons/play-alt-svgrepo-com.svg"
                />
              </span>
            </span>
          </a>
          <a
            class="dropdown-item "
            data-key="jug-pop.mp3"
            href="#"
          >
            <span
              class="labelcontainer"
            >
              <span
                class="labeltext"
                data-key="jug-pop.mp3"
              >
                Jug Pop
              </span>
              <span
                class="labelicons"
              >
                <img
                  class="playicon"
                  data-key="jug-pop.mp3"
                  src="./assets/images/icons/play-alt-svgrepo-com.svg"
                />
              </span>
            </span>
          </a>
          <a
            class="dropdown-item "
            data-key="you-got-mail.mp3"
            href="#"
          >
            <span
              class="labelcontainer"
            >
              <span
                class="labeltext"
                data-key="you-got-mail.mp3"
              >
                You Got Mail
              </span>
              <span
                class="labelicons"
              >
                <img
                  class="playicon"
                  data-key="you-got-mail.mp3"
                  src="./assets/images/icons/play-alt-svgrepo-com.svg"
                />
              </span>
            </span>
          </a>
          <a
            class="dropdown-item "
            data-key="whistle.mp3"
            href="#"
          >
            <span
              class="labelcontainer"
            >
              <span
                class="labeltext"
                data-key="whistle.mp3"
              >
                Whistle
              </span>
              <span
                class="labelicons"
              >
                <img
                  class="playicon"
                  data-key="whistle.mp3"
                  src="./assets/images/icons/play-alt-svgrepo-com.svg"
                />
              </span>
            </span>
          </a>
          <a
            class="dropdown-item "
            data-key="customSound"
            href="#"
          >
            <span
              class="labelcontainer"
            >
              <span
                class="labeltext"
                data-key="customSound"
              >
                Custom
              </span>
              <span
                class="labelicons"
              >
                <img
                  class="playicon"
                  data-key="customSound"
                  src="./assets/images/icons/play-alt-svgrepo-com.svg"
                />
                <img
                  class="settingsicon"
                  data-key="customSound"
                  src="./assets/images/icons/cog-svgrepo-com.svg"
                />
              </span>
            </span>
          </a>
          <a
            class="dropdown-item "
            data-key="none"
            href="#"
          >
            <span
              class="labelcontainer"
            >
              <span
                class="labeltext"
                data-key="none"
              >
                None
              </span>
              <span
                class="labelicons"
              />
            </span>
          </a>
        </div>
      </div>
      <div
        class="dropdown d-flex align-items-center mt-2 ps-3"
      >
        <small>
          Details: 
        </small>
        <button
          aria-expanded="false"
          aria-haspopup="true"
          class="btn btn-sm btn-primary dropdown-toggle"
          data-bs-toggle="dropdown"
          id="dropdownMenuButton"
        >
          Name & Message
        </button>
        <div
          aria-labelledby="dropdownMenuButton"
          class="dropdown-menu"
        >
          <a
            class="dropdown-item "
            data-key="NameMessagePreview"
            href="#"
          >
            <span
              class="labelcontainer"
            >
              <span
                class="labeltext"
                data-key="NameMessagePreview"
              >
                Name & Message
              </span>
              <span
                class="labelicons"
              />
            </span>
          </a>
          <a
            class="dropdown-item "
            data-key="NameOnly"
            href="#"
          >
            <span
              class="labelcontainer"
            >
              <span
                class="labeltext"
                data-key="NameOnly"
              >
                Name Only
              </span>
              <span
                class="labelicons"
              />
            </span>
          </a>
          <a
            class="dropdown-item "
            data-key="NoDetails"
            href="#"
          >
            <span
              class="labelcontainer"
            >
              <span
                class="labeltext"
                data-key="NoDetails"
              >
                No Details
              </span>
              <span
                class="labelicons"
              />
            </span>
          </a>
          <a
            class="dropdown-item "
            data-key="NoPopup"
            href="#"
          >
            <span
              class="labelcontainer"
            >
              <span
                class="labeltext"
                data-key="NoPopup"
              >
                No Popup
              </span>
              <span
                class="labelicons"
              />
            </span>
          </a>
        </div>
      </div>
      <div
        class="d-flex align-items-center volume-range mt-2 ps-3"
      >
        <small>
          Volume: 
        </small>
        <input
          class=" form-range vol-range-thumb ps-3"
          id="volRange"
          max="1"
          min="0"
          step="0.1"
          type="range"
        />
      </div>
    </div>
  </div>
  <ul>
    <li
      class="folder-item subfolder"
      data-open="true"
    >
      <span
        class="liexpand caret caret-down"
      />
      <span>
        <input
          class="me-2"
          data-mailbox-path="Inbox"
          type="checkbox"
        />
        Inbox
      </span>
      <span
        class="select-deselect px-2"
      >
        <a
          class="small all link-underline link-underline-opacity-0 link-underline-opacity-75-hover"
          href="#"
        >
          All
        </a>
        <span
          class="small"
        >
           / 
        </span>
        <a
          class="small none link-underline link-underline-opacity-0 link-underline-opacity-75-hover"
          href="#"
        >
          None
        </a>
      </span>
      <ul
        class="nested active"
      >
        <li
          class="folder-item"
          data-open="true"
        >
          <span
            class="caret invisible"
          />
          <span>
            <input
              class="me-2"
              data-mailbox-path="Sub Inbox"
              type="checkbox"
            />
            Sub Inbox
          </span>
        </li>
        <li
          class="folder-item"
          data-open="true"
        >
          <span
            class="caret invisible"
          />
          <span>
            <input
              class="me-2"
              data-mailbox-path="Another"
              type="checkbox"
            />
            Another
          </span>
        </li>
      </ul>
    </li>
    <li
      class="folder-item"
      data-open="true"
    >
      <span
        class="caret invisible"
      />
      <span>
        <input
          class="me-2"
          data-mailbox-path="Stuff"
          type="checkbox"
        />
        Stuff
      </span>
    </li>
  </ul>
</div>
`;
