// Jest Snapshot v1, https://goo.gl/fbAQLP

exports[`Dropdown component renders correctly 1`] = `
<div
  class="dropdown d-flex align-items-center mt-2 ps-3"
>
  <small>
    Test: 
  </small>
  <button
    aria-expanded="false"
    aria-haspopup="true"
    class="btn btn-sm btn-primary dropdown-toggle"
    data-bs-toggle="dropdown"
    id="dropdownMenuButton"
  >
    Sound 1
  </button>
  <div
    aria-labelledby="dropdownMenuButton"
    class="dropdown-menu"
  >
    <a
      class="dropdown-item "
      data-key="sound1.mp3"
      href="#"
    >
      <span
        class="labelcontainer"
      >
        <span
          class="labeltext"
          data-key="sound1.mp3"
        >
          Sound 1
        </span>
        <span
          class="labelicons"
        >
          <img
            class="playicon"
            data-key="sound1.mp3"
            src="./assets/images/icons/play-alt-svgrepo-com.svg"
          />
        </span>
      </span>
    </a>
    <a
      class="dropdown-item "
      data-key="sound2.mp3"
      href="#"
    >
      <span
        class="labelcontainer"
      >
        <span
          class="labeltext"
          data-key="sound2.mp3"
        >
          Sound 2
        </span>
        <span
          class="labelicons"
        >
          <img
            class="playicon"
            data-key="sound2.mp3"
            src="./assets/images/icons/play-alt-svgrepo-com.svg"
          />
        </span>
      </span>
    </a>
    <a
      class="dropdown-item "
      data-key="none"
      href="#"
    >
      <span
        class="labelcontainer"
      >
        <span
          class="labeltext"
          data-key="none"
        >
          No Sound
        </span>
        <span
          class="labelicons"
        >
          <img
            class="playicon"
            data-key="none"
            src="./assets/images/icons/play-alt-svgrepo-com.svg"
          />
        </span>
      </span>
    </a>
    <a
      class="dropdown-item "
      data-key="customSound"
      href="#"
    >
      <span
        class="labelcontainer"
      >
        <span
          class="labeltext"
          data-key="customSound"
        >
          Custom
        </span>
        <span
          class="labelicons"
        >
          <img
            class="playicon"
            data-key="customSound"
            src="./assets/images/icons/play-alt-svgrepo-com.svg"
          />
          <img
            class="settingsicon"
            data-key="customSound"
            src="./assets/images/icons/cog-svgrepo-com.svg"
          />
        </span>
      </span>
    </a>
  </div>
</div>
`;
